// Jest Snapshot v1, https://goo.gl/fbAQLP

exports[`ProjectPage should match snapshot 1`] = `
<div
  className="page"
>
  <ProjectForm />
  <ProjectTable />
</div>
`;
