// Jest Snapshot v1, https://goo.gl/fbAQLP

exports[`App template should match snapshot 1`] = `
<div
  className="App"
>
  <Provider
    store={
      Object {
        "dispatch": [Function],
        "getState": [Function],
        "replaceReducer": [Function],
        "subscribe": [Function],
        Symbol(observable): [Function],
      }
    }
  >
    <ProjectPage />
  </Provider>
</div>
`;
