// Jest Snapshot v1, https://goo.gl/fbAQLP

exports[`ProjectForm template should match snapshot 1`] = `
<div
  className="project-form"
/>
`;
