// Jest Snapshot v1, https://goo.gl/fbAQLP

exports[`Page.vue should match snapshot 1`] = `
<div
  class="page"
>
  <taskstable-stub />
</div>
`;
