// Jest Snapshot v1, https://goo.gl/fbAQLP

exports[`Header should match snapshot 1`] = `
<nav
  className="header"
>
  <Button
    onClick={[Function]}
    text="Logout"
  />
</nav>
`;
